// Jest Snapshot v1, https://goo.gl/fbAQLP

exports[`Test for SimpleMessage Component Should render the component 1`] = `
.c0 {
  background-color: black;
  display: -webkit-box;
  display: -webkit-flex;
  display: -ms-flexbox;
  display: flex;
  -webkit-flex-wrap: wrap;
  -ms-flex-wrap: wrap;
  flex-wrap: wrap;
  -webkit-box-pack: center;
  -webkit-justify-content: center;
  -ms-flex-pack: center;
  justify-content: center;
  opacity: 0.5;
  width: 100%;
}

.c1 {
  font-size: 18px;
  margin: 20px 0;
}

<div
  className="c0"
>
  <p
    className="c1"
  >
    TEST
  </p>
</div>
`;
