// Jest Snapshot v1, https://goo.gl/fbAQLP

exports[`Test for SearchInput Component Should render the component 1`] = `
.c0 {
  background-color: white;
  display: -webkit-box;
  display: -webkit-flex;
  display: -ms-flexbox;
  display: flex;
}

.c2 {
  height: 30px;
  right: 0;
  top: 0;
}

.c1 {
  font-size: 14px;
  margin-left: 5px;
  padding: 0;
}

<div
  className="c0"
>
  <div
    className="MuiInputBase-root MuiInput-root MuiInput-underline c1 input"
    onClick={[Function]}
    onKeyPress={[Function]}
  >
    <input
      aria-label="description"
      className="MuiInputBase-input MuiInput-input"
      id="searchInput"
      onAnimationStart={[Function]}
      onBlur={[Function]}
      onChange={[Function]}
      onFocus={[Function]}
      placeholder="Search for your artist..."
      type="text"
      value=""
    />
  </div>
  <div
    className="c2"
  >
    <button
      aria-label="search"
      className="MuiButtonBase-root MuiIconButton-root MuiIconButton-sizeSmall"
      disabled={false}
      onBlur={[Function]}
      onClick={[Function]}
      onDragLeave={[Function]}
      onFocus={[Function]}
      onKeyDown={[Function]}
      onKeyUp={[Function]}
      onMouseDown={[Function]}
      onMouseLeave={[Function]}
      onMouseUp={[Function]}
      onTouchEnd={[Function]}
      onTouchMove={[Function]}
      onTouchStart={[Function]}
      tabIndex={0}
      type="button"
    >
      <span
        className="MuiIconButton-label"
      >
        <svg
          aria-hidden={true}
          className="MuiSvgIcon-root"
          focusable="false"
          viewBox="0 0 24 24"
        >
          <path
            d="M15.5 14h-.79l-.28-.27C15.41 12.59 16 11.11 16 9.5 16 5.91 13.09 3 9.5 3S3 5.91 3 9.5 5.91 16 9.5 16c1.61 0 3.09-.59 4.23-1.57l.27.28v.79l5 4.99L20.49 19l-4.99-5zm-6 0C7.01 14 5 11.99 5 9.5S7.01 5 9.5 5 14 7.01 14 9.5 11.99 14 9.5 14z"
          />
        </svg>
      </span>
    </button>
  </div>
</div>
`;
