// Jest Snapshot v1, https://goo.gl/fbAQLP

exports[`Test for Body Component Should render the component 1`] = `
.c0 {
  display: -webkit-box;
  display: -webkit-flex;
  display: -ms-flexbox;
  display: flex;
  height: 100%;
  -webkit-box-pack: center;
  -webkit-justify-content: center;
  -ms-flex-pack: center;
  justify-content: center;
  margin-top: 60px;
  width: 100%;
  background-color: #262d31;
  display: -webkit-box;
  display: -webkit-flex;
  display: -ms-flexbox;
  display: flex;
  height: 100%;
  -webkit-box-pack: center;
  -webkit-justify-content: center;
  -ms-flex-pack: center;
  justify-content: center;
  max-width: 738px;
  width: 100%;
}

@media (min-width:992px) {
  .c0 {
    max-width: 962px;
  }
}

@media (min-width:1200px) {
  .c0 {
    max-width: 1140px;
  }
}

<div
  className="c0"
/>
`;
